step	energy_pot	forces	stresses
1	-66.99502740502155	[[-0.039028741200952594, -0.056702023312757116, -0.021327761808577733], [0.05952383145431352, -0.024761264021677203, -0.04849117617816741], [0.021013106844282342, 0.02382561828713571, -0.110459978763188], [0.020156368380107547, -0.00392090652584327, -0.005711546678135754], [0.07044278895289047, 0.04081056809524618, 0.060202146822680644], [-0.0382983523517024, 0.005259026885942285, 0.05594899835731633], [-0.07506875595297635, -0.06436985965267654, 0.08241899448310207], [-0.018740246125962506, 0.07985884024462996, -0.01257967623503011]]	[0.022366342401541717, 0.022336227891819074, 0.022449359363963896, -2.0482695134819262e-05, -3.1572811332404115e-05, 4.698938561623089e-05]
